// Jest Snapshot v1, https://goo.gl/fbAQLP

exports[`Check if Evething is rendered correctly 1`] = `undefined`;

exports[`renders correctly 1`] = `undefined`;

exports[`testing the Missions Check if Evething is rendered correctly 1`] = `undefined`;
