// Jest Snapshot v1, https://goo.gl/fbAQLP

exports[`testing the Profile When we Reserved Rockets 1`] = `undefined`;

exports[`testing the Profile mission 1`] = `undefined`;

exports[`testing the Profile see how it renders  1`] = `undefined`;
